kk=2 D=2: 基 = [(0, ()), (1, ()), (2, ()), (0, (2,))]
============================================================
[解析] J_1(e_0,e_0) = [(1+ε)³-(2ε)³]/3 = 0.3747840000 = 5856/15625
[解析] B(e_0,e_0)   = (1+ε)²/2 = 0.5408000000 = 338/625
[解析] Rayleigh(e_0) = J_1/B = 0.6930177515
[解析] M 的常数函数贡献 k·J_1/I = 1.3860355030
------------------------------------------------------------
e_0 索引 = 0
[公式] J[0][0] = 0.3747840000   vs 解析 0.3747840000   rel=0.0e+00
[公式] B[0][0] = 0.5408000000   vs 解析 0.5408000000   rel=0.0e+00
[公式] J/B = 0.6930177515   vs 解析 0.6930177515
=> J1 公式 = 单切片 i=1 矩阵 (不乘 k)。M = k·λ_max(J1,B) 约定确认。
------------------------------------------------------------
[解析] J_1(e_1,e_1) = [(1+ε)⁵-(2ε)⁵]/20 = 0.0608324813
[公式] J[1][1] = 0.0608324813   rel=0.0e+00
=> e_1 切片积分约定确认 ✓
[解析] J_1(e_0,e_1) = [(1+ε)⁴-(2ε)⁴]/8 = 0.1462272000
[公式] J[0][1] = 0.1462272000   rel=0.0e+00
=> 交叉项确认 ✓
------------------------------------------------------------
k=2 D=2: λ_max(J,B) = 0.7202866763, 4/k = 2.0
  λ_max < 4/k: True   M = k·λ = 1.440573 < 4: True
G3 kk=2 确定性验证: 全部一致 ✓ (J1 单切片约定, 体积因子, Rayleigh 方向)
